   Compiling candle-core v0.11.0 (C:\Users\lp\Documents\GitHub\candle-rocm-vulkan\candle-core)
warning: use of deprecated constant `std::f64::INFINITY`: replaced by the `INFINITY` associated constant on `f64`
  --> candle-core\src\cpu\erf.rs:43:14
   |
43 |         f64::INFINITY
   |              ^^^^^^^^
   |
   = note: `#[warn(deprecated)]` on by default

warning: use of deprecated constant `std::f64::NEG_INFINITY`: replaced by the `NEG_INFINITY` associated constant on `f64`
  --> candle-core\src\cpu\erf.rs:45:14
   |
45 |         f64::NEG_INFINITY
   |              ^^^^^^^^^^^^

warning: use of deprecated constant `std::f64::INFINITY`: replaced by the `INFINITY` associated constant on `f64`
  --> candle-core\src\cpu\erf.rs:67:14
   |
67 |         f64::INFINITY
   |              ^^^^^^^^

warning: use of deprecated constant `std::f64::NEG_INFINITY`: replaced by the `NEG_INFINITY` associated constant on `f64`
  --> candle-core\src\cpu\erf.rs:69:14
   |
69 |         f64::NEG_INFINITY
   |              ^^^^^^^^^^^^

   Compiling candle-rocm v0.2.0 (C:\Users\lp\Documents\GitHub\candle-rocm-vulkan\candle-backend)
warning: `candle-core` (lib) generated 4 warnings
    Finished `release` profile [optimized] target(s) in 35.19s
     Running `C:\Users\lp\Documents\GitHub\candle-rocm-vulkan\target\release\examples\vram_probe.exe`
[PROBE] init                         | used(driver)    216.4 MB | live      0.0 MB (0 allocs) | peak      0.0 | pool reserved     32.0 used      0.0
[PROBE] r1 weights allocated         | used(driver)    440.4 MB | live    192.0 MB (8 allocs) | peak    240.0 | pool reserved    256.0 used    192.0
[PROBE] r1 after workload            | used(driver)    687.2 MB | live    192.0 MB (8 allocs) | peak    313.3 | pool reserved    480.0 used    192.0
[PROBE] r1 weights dropped           | used(driver)    687.2 MB | live      0.0 MB (0 allocs) | peak    313.3 | pool reserved    480.0 used      0.0
[PROBE] r1 after synchronize         | used(driver)    207.2 MB | live      0.0 MB (0 allocs) | peak    313.3 | pool reserved      0.0 used      0.0
[PROBE] r1 after trim                | used(driver)    207.2 MB | live      0.0 MB (0 allocs) | peak    313.3 | pool reserved      0.0 used      0.0
[PROBE] r1 after release_cached      | used(driver)    207.2 MB | live      0.0 MB (0 allocs) | peak    313.3 | pool reserved      0.0 used      0.0
[PROBE] r2 weights allocated         | used(driver)    463.2 MB | live    192.0 MB (8 allocs) | peak    313.3 | pool reserved    256.0 used    192.0
[PROBE] r2 after workload            | used(driver)    687.2 MB | live    192.0 MB (8 allocs) | peak    313.3 | pool reserved    480.0 used    192.0
[PROBE] r2 weights dropped           | used(driver)    687.2 MB | live      0.0 MB (0 allocs) | peak    313.3 | pool reserved    480.0 used      0.0
[PROBE] r2 after synchronize         | used(driver)    207.2 MB | live      0.0 MB (0 allocs) | peak    313.3 | pool reserved      0.0 used      0.0
[PROBE] r2 after trim                | used(driver)    207.2 MB | live      0.0 MB (0 allocs) | peak    313.3 | pool reserved      0.0 used      0.0
[PROBE] r2 after release_cached      | used(driver)    207.2 MB | live      0.0 MB (0 allocs) | peak    313.3 | pool reserved      0.0 used      0.0
[PROBE] r3 weights allocated         | used(driver)    463.2 MB | live    192.0 MB (8 allocs) | peak    313.3 | pool reserved    256.0 used    192.0
[PROBE] r3 after workload            | used(driver)    687.2 MB | live    192.0 MB (8 allocs) | peak    313.3 | pool reserved    480.0 used    192.0
[PROBE] r3 weights dropped           | used(driver)    687.2 MB | live      0.0 MB (0 allocs) | peak    313.3 | pool reserved    480.0 used      0.0
[PROBE] r3 after synchronize         | used(driver)    207.2 MB | live      0.0 MB (0 allocs) | peak    313.3 | pool reserved      0.0 used      0.0
[PROBE] r3 after trim                | used(driver)    207.2 MB | live      0.0 MB (0 allocs) | peak    313.3 | pool reserved      0.0 used      0.0
[PROBE] r3 after release_cached      | used(driver)    207.2 MB | live      0.0 MB (0 allocs) | peak    313.3 | pool reserved      0.0 used      0.0
exit=0 
