[MSVC] requested= active=14.51.36231
**********************************************************************
** Visual Studio 2026 Developer Command Prompt v18.10.3
** Copyright (c) 2026 Microsoft Corporation
**********************************************************************
[vcvarsall.bat] Environment initialized for: 'x64'
===== Q1: compute-only queue =====
warning: use of deprecated constant `std::f64::INFINITY`: replaced by the `INFINITY` associated constant on `f64`
  --> candle-core\src\cpu\erf.rs:43:14
   |
43 |         f64::INFINITY
   |              ^^^^^^^^
   |
   = note: `#[warn(deprecated)]` on by default

warning: use of deprecated constant `std::f64::NEG_INFINITY`: replaced by the `NEG_INFINITY` associated constant on `f64`
  --> candle-core\src\cpu\erf.rs:45:14
   |
45 |         f64::NEG_INFINITY
   |              ^^^^^^^^^^^^

warning: use of deprecated constant `std::f64::INFINITY`: replaced by the `INFINITY` associated constant on `f64`
  --> candle-core\src\cpu\erf.rs:67:14
   |
67 |         f64::INFINITY
   |              ^^^^^^^^

warning: use of deprecated constant `std::f64::NEG_INFINITY`: replaced by the `NEG_INFINITY` associated constant on `f64`
  --> candle-core\src\cpu\erf.rs:69:14
   |
69 |         f64::NEG_INFINITY
   |              ^^^^^^^^^^^^

warning: `candle-core` (lib) generated 4 warnings
   Compiling candle-core v0.11.0 (C:\Users\lp\Documents\GitHub\candle-rocm-vulkan\candle-core)
    Finished `release` profile [optimized] target(s) in 1.27s
     Running `C:\Users\lp\Documents\GitHub\candle-rocm-vulkan\target\release\examples\vulkan_gpu_test.exe`
[VK-GPU] CANDLE_VULKAN_GPU_WEIGHTS=None CANDLE_VULKAN_DEVICE=None CANDLE_VULKAN_PRETEND_INTEGRATED=None
[VK-GPU] usable vulkan devices: 1
device=AMD Radeon RX 6600 type=discrete memory_budget_ext=true default_native=false native_now=false
  queue: compute-only (Windows Task Manager engine: Compute)
  gpu weights: enabled=true local=0 MB shared=0 MB buffers=0
  heap[0] size=7920 MB device_local=true budget=7148 MB usage=1 MB
  heap[1] size=8155 MB device_local=false budget=7491 MB usage=32 MB
  heap[2] size=256 MB device_local=true budget=231 MB usage=0 MB
  type[0] heap=0 DL=1 HV=0 HC=0 CACHED=0
  type[1] heap=1 DL=0 HV=1 HC=1 CACHED=0  (candidate #4)
  type[2] heap=2 DL=1 HV=1 HC=1 CACHED=0  (candidate #8)
  type[3] heap=1 DL=0 HV=1 HC=1 CACHED=1  <== tensors allocated here
  type[4] heap=0 DL=1 HV=0 HC=0 CACHED=0
  type[5] heap=1 DL=0 HV=1 HC=1 CACHED=0  (candidate #5)
  type[6] heap=2 DL=1 HV=1 HC=1 CACHED=0  (candidate #9)
  type[7] heap=1 DL=0 HV=1 HC=1 CACHED=1  (candidate #1)
  type[8] heap=0 DL=1 HV=0 HC=0 CACHED=0
  type[9] heap=1 DL=0 HV=1 HC=1 CACHED=0  (candidate #6)
  type[10] heap=2 DL=1 HV=1 HC=1 CACHED=0  (candidate #10)
  type[11] heap=1 DL=0 HV=1 HC=1 CACHED=1  (candidate #2)
  type[12] heap=0 DL=1 HV=0 HC=0 CACHED=0
  type[13] heap=1 DL=0 HV=1 HC=1 CACHED=0  (candidate #7)
  type[14] heap=2 DL=1 HV=1 HC=1 CACHED=0  (candidate #11)
  type[15] heap=1 DL=0 HV=1 HC=1 CACHED=1  (candidate #3)
[VK-GPU] init                                 | OS VRAM      1 MB shared    33 MB | gpu bufs local      0 MB shared     0 MB | mem_info free   7147/  7920 MB | host bufs      0 MB
[VK-GPU] q8 512x2048: weights in GPU memory = true
[VK-GPU] PASS q8 matmul m=1 n=512 k=2048                     rel err 1.62e-7 (tol 1e-4)
[VK-GPU] PASS q8 matmul m=3 n=512 k=2048                     rel err 3.88e-7 (tol 1e-4)
[VK-GPU] PASS q8 matmul m=8 n=512 k=2048                     rel err 5.65e-7 (tol 1e-4)
[VK-GPU] PASS q8 matmul m=9 n=512 k=2048                     rel err 1.37e-6 (tol 1e-4)
[VK-GPU] PASS q8 matmul m=64 n=512 k=2048                    rel err 1.69e-6 (tol 1e-4)
[VK-GPU] PASS q8 matmul m=130 n=512 k=2048                   rel err 1.79e-6 (tol 1e-4)
[VK-GPU] PASS q8 matmul 3d (2,5) n=512 k=2048                rel err 1.56e-6 (tol 1e-4)
[VK-GPU] PASS q8 matmul strided x n=512 k=2048               rel err 6.17e-7 (tol 1e-4)
[VK-GPU] q8 6144x2048: weights in GPU memory = true
[VK-GPU] PASS q8 matmul m=1 n=6144 k=2048                    rel err 1.58e-7 (tol 1e-4)
[VK-GPU] PASS q8 matmul m=3 n=6144 k=2048                    rel err 4.48e-7 (tol 1e-4)
[VK-GPU] PASS q8 matmul m=8 n=6144 k=2048                    rel err 4.71e-7 (tol 1e-4)
[VK-GPU] PASS q8 matmul m=9 n=6144 k=2048                    rel err 1.72e-6 (tol 1e-4)
[VK-GPU] PASS q8 matmul m=64 n=6144 k=2048                   rel err 1.93e-6 (tol 1e-4)
[VK-GPU] PASS q8 matmul m=130 n=6144 k=2048                  rel err 2.38e-6 (tol 1e-4)
[VK-GPU] PASS q8 matmul 3d (2,5) n=6144 k=2048               rel err 1.93e-6 (tol 1e-4)
[VK-GPU] PASS q8 matmul strided x n=6144 k=2048              rel err 5.74e-7 (tol 1e-4)
[VK-GPU] q8 2048x6144: weights in GPU memory = true
[VK-GPU] PASS q8 matmul m=1 n=2048 k=6144                    rel err 2.59e-7 (tol 1e-4)
[VK-GPU] PASS q8 matmul m=3 n=2048 k=6144                    rel err 4.80e-7 (tol 1e-4)
[VK-GPU] PASS q8 matmul m=8 n=2048 k=6144                    rel err 4.84e-7 (tol 1e-4)
[VK-GPU] PASS q8 matmul m=9 n=2048 k=6144                    rel err 2.85e-6 (tol 1e-4)
[VK-GPU] PASS q8 matmul m=64 n=2048 k=6144                   rel err 3.27e-6 (tol 1e-4)
[VK-GPU] PASS q8 matmul m=130 n=2048 k=6144                  rel err 2.83e-6 (tol 1e-4)
[VK-GPU] PASS q8 matmul 3d (2,5) n=2048 k=6144               rel err 2.45e-6 (tol 1e-4)
[VK-GPU] PASS q8 matmul strided x n=2048 k=6144              rel err 4.97e-7 (tol 1e-4)
[VK-GPU] q8 4096x2048: weights in GPU memory = true
[VK-GPU] PASS q8 matmul m=1 n=4096 k=2048                    rel err 1.60e-7 (tol 1e-4)
[VK-GPU] PASS q8 matmul m=3 n=4096 k=2048                    rel err 5.02e-7 (tol 1e-4)
[VK-GPU] PASS q8 matmul m=8 n=4096 k=2048                    rel err 5.52e-7 (tol 1e-4)
[VK-GPU] PASS q8 matmul m=9 n=4096 k=2048                    rel err 1.54e-6 (tol 1e-4)
[VK-GPU] PASS q8 matmul m=64 n=4096 k=2048                   rel err 1.65e-6 (tol 1e-4)
[VK-GPU] PASS q8 matmul m=130 n=4096 k=2048                  rel err 1.83e-6 (tol 1e-4)
[VK-GPU] PASS q8 matmul 3d (2,5) n=4096 k=2048               rel err 1.96e-6 (tol 1e-4)
[VK-GPU] PASS q8 matmul strided x n=4096 k=2048              rel err 7.60e-7 (tol 1e-4)
[VK-GPU] q8 64x1024: weights in GPU memory = true
[VK-GPU] PASS q8 matmul m=1 n=64 k=1024                      rel err 3.17e-7 (tol 1e-4)
[VK-GPU] PASS q8 matmul m=3 n=64 k=1024                      rel err 4.03e-7 (tol 1e-4)
[VK-GPU] PASS q8 matmul m=8 n=64 k=1024                      rel err 5.28e-7 (tol 1e-4)
[VK-GPU] PASS q8 matmul m=9 n=64 k=1024                      rel err 1.04e-6 (tol 1e-4)
[VK-GPU] PASS q8 matmul m=64 n=64 k=1024                     rel err 1.03e-6 (tol 1e-4)
[VK-GPU] PASS q8 matmul m=130 n=64 k=1024                    rel err 9.62e-7 (tol 1e-4)
[VK-GPU] PASS q8 matmul 3d (2,5) n=64 k=1024                 rel err 1.04e-6 (tol 1e-4)
[VK-GPU] PASS q8 matmul strided x n=64 k=1024                rel err 5.93e-7 (tol 1e-4)
[VK-GPU] PASS q8 embedding                                   rel err 0.00e0 (tol 1e-6)
[VK-GPU] PASS q8 dequantize f32                              rel err 0.00e0 (tol 1e-6)
[VK-GPU] PASS q8 dequantize f16                              rel err 6.93e-4 (tol 1e-3)
[VK-GPU] PASS q8 data() round trip                           rel err 0.00e0 (tol 0e0)
[VK-GPU] PASS q8 loaded from GGML bytes                      rel err 0.00e0 (tol 1e-6)
[VK-GPU] placement: 4 q8 tensors (~72 MB)     | OS VRAM     77 MB shared   347 MB | gpu bufs local     76 MB shared     0 MB | mem_info free   7071/  7920 MB | host bufs    311 MB
[VK-GPU] placement: 8 q8 tensors (~144 MB)    | OS VRAM    149 MB shared   347 MB | gpu bufs local    148 MB shared     0 MB | mem_info free   6999/  7920 MB | host bufs    311 MB
[VK-GPU] placement: 12 q8 tensors (~216 MB)   | OS VRAM    221 MB shared   347 MB | gpu bufs local    220 MB shared     0 MB | mem_info free   6927/  7920 MB | host bufs    311 MB
[VK-GPU] PASS q8 matmul on the last placed tensor            rel err 5.24e-7 (tol 1e-4)
[VK-GPU] placement: all dropped               | OS VRAM      5 MB shared   347 MB | gpu bufs local      4 MB shared     0 MB | mem_info free   7143/  7920 MB | host bufs    311 MB
[VK-GPU] PASS dense F32 m=1 pass 0                           rel err 0.00e0 (tol 1e-4)
[VK-GPU] PASS dense F32 m=1 pass 1                           rel err 1.88e-7 (tol 1e-4)
[VK-GPU] PASS dense F32 m=5 pass 0                           rel err 6.28e-7 (tol 1e-4)
[VK-GPU] PASS dense F32 m=5 pass 1                           rel err 6.28e-7 (tol 1e-4)
[VK-GPU] PASS dense F32 m=77 pass 0                          rel err 2.67e-6 (tol 1e-4)
[VK-GPU] PASS dense F32 m=77 pass 1                          rel err 2.67e-6 (tol 1e-4)
[VK-GPU] PASS dense F32 broadcast 3d                         rel err 0.00e0 (tol 1e-4)
[VK-GPU] dense F32 weights alive              | OS VRAM     21 MB shared   380 MB | gpu bufs local     20 MB shared     0 MB | mem_info free   7127/  7920 MB | host bufs    344 MB
[VK-GPU] PASS dense F16 m=1 pass 0                           rel err 3.85e-4 (tol 4e-3)
[VK-GPU] PASS dense F16 m=1 pass 1                           rel err 3.85e-4 (tol 4e-3)
[VK-GPU] PASS dense F16 m=5 pass 0                           rel err 3.55e-4 (tol 4e-3)
[VK-GPU] PASS dense F16 m=5 pass 1                           rel err 3.55e-4 (tol 4e-3)
[VK-GPU] PASS dense F16 m=77 pass 0                          rel err 2.77e-4 (tol 4e-3)
[VK-GPU] PASS dense F16 m=77 pass 1                          rel err 2.77e-4 (tol 4e-3)
[VK-GPU] PASS dense F16 broadcast 3d                         rel err 5.49e-4 (tol 4e-3)
[VK-GPU] dense F16 weights alive              | OS VRAM     14 MB shared   396 MB | gpu bufs local     12 MB shared     0 MB | mem_info free   7135/  7920 MB | host bufs    361 MB
[VK-GPU] PASS dense BF16 m=1 pass 0                          rel err 2.20e-3 (tol 3e-2)
[VK-GPU] PASS dense BF16 m=1 pass 1                          rel err 2.20e-3 (tol 3e-2)
[VK-GPU] PASS dense BF16 m=5 pass 0                          rel err 2.74e-3 (tol 3e-2)
[VK-GPU] PASS dense BF16 m=5 pass 1                          rel err 2.74e-3 (tol 3e-2)
[VK-GPU] PASS dense BF16 m=77 pass 0                         rel err 2.43e-3 (tol 3e-2)
[VK-GPU] PASS dense BF16 m=77 pass 1                         rel err 2.43e-3 (tol 3e-2)
[VK-GPU] PASS dense BF16 broadcast 3d                        rel err 3.14e-3 (tol 3e-2)
[VK-GPU] dense BF16 weights alive             | OS VRAM     14 MB shared   396 MB | gpu bufs local     12 MB shared     0 MB | mem_info free   7135/  7920 MB | host bufs    361 MB
[VK-GPU] PASS act matmul q@k^T (2,8,600,64)                  rel err 0.00e0 (tol 1e-4)
[VK-GPU] PASS act matmul att@v (2,8,600,600)x(600,64)        rel err 9.41e-7 (tol 1e-4)
[VK-GPU] PASS act matmul broadcast k                         rel err 0.00e0 (tol 1e-4)
[VK-GPU] SPEED act q@k^T (2,8,600,64): CPU    4.684 ms | Vulkan GPU    4.474 ms | x1.0 | gpu dispatches +7
[VK-GPU] after correctness tests (all dropped) | OS VRAM     34 MB shared   471 MB | gpu bufs local     32 MB shared     0 MB | mem_info free   7115/  7920 MB | host bufs    436 MB
[VK-GPU] after trim                           | OS VRAM      2 MB shared    35 MB | gpu bufs local      0 MB shared     0 MB | mem_info free   7147/  7920 MB | host bufs      0 MB
[VK-GPU] SPEED q8 1x2048 @ 6144x2048^T : CPU    1.157 ms | Vulkan GPU    0.130 ms | x8.9
[VK-GPU] SPEED q8 512x2048 @ 6144x2048^T : CPU  673.311 ms | Vulkan GPU    5.419 ms | x124.3
[VK-GPU] SPEED F16 gemv 1x2048 @ 6144x2048^T (25 MB): CPU    0.597 ms | Vulkan GPU    0.111 ms (227 GB/s) | x5.4
[VK-GPU] SPEED F16 gemv 1x2048 @ 16384x2048^T (67 MB): CPU    2.373 ms | Vulkan GPU    0.400 ms (168 GB/s) | x5.9
[VK-GPU] SPEED F32 gemv 1x2048 @ 32768x2048^T (268 MB): CPU    7.576 ms | Vulkan GPU    1.293 ms (208 GB/s) | x5.9
[VK-GPU] SPEED F16 gemv 1x2048 @ 65536x2048^T (268 MB): CPU   12.117 ms | Vulkan GPU    1.439 ms (187 GB/s) | x8.4
[VK-GPU] SPEED q8 gemv 1x2048 @ 65536x2048^T (143 MB): Vulkan GPU    0.792 ms (181 GB/s)
[VK-GPU] speed weights alive                  | OS VRAM     19 MB shared   663 MB | gpu bufs local     18 MB shared     0 MB | mem_info free   7129/  7920 MB | host bufs    627 MB
[VK-GPU] speed weights dropped                | OS VRAM      6 MB shared   663 MB | gpu bufs local      4 MB shared     0 MB | mem_info free   7143/  7920 MB | host bufs    627 MB
[VK-GPU] end (trimmed)                        | OS VRAM      2 MB shared    35 MB | gpu bufs local      0 MB shared     0 MB | mem_info free   7147/  7920 MB | host bufs      0 MB
device=AMD Radeon RX 6600 type=discrete memory_budget_ext=true default_native=false native_now=false
  queue: compute-only (Windows Task Manager engine: Compute)
  gpu weights: enabled=true local=0 MB shared=0 MB buffers=0
  heap[0] size=7920 MB device_local=true budget=7148 MB usage=1 MB
  heap[1] size=8155 MB device_local=false budget=7491 MB usage=35 MB
  heap[2] size=256 MB device_local=true budget=231 MB usage=0 MB
  type[0] heap=0 DL=1 HV=0 HC=0 CACHED=0
  type[1] heap=1 DL=0 HV=1 HC=1 CACHED=0  (candidate #4)
  type[2] heap=2 DL=1 HV=1 HC=1 CACHED=0  (candidate #8)
  type[3] heap=1 DL=0 HV=1 HC=1 CACHED=1  <== tensors allocated here
  type[4] heap=0 DL=1 HV=0 HC=0 CACHED=0
  type[5] heap=1 DL=0 HV=1 HC=1 CACHED=0  (candidate #5)
  type[6] heap=2 DL=1 HV=1 HC=1 CACHED=0  (candidate #9)
  type[7] heap=1 DL=0 HV=1 HC=1 CACHED=1  (candidate #1)
  type[8] heap=0 DL=1 HV=0 HC=0 CACHED=0
  type[9] heap=1 DL=0 HV=1 HC=1 CACHED=0  (candidate #6)
  type[10] heap=2 DL=1 HV=1 HC=1 CACHED=0  (candidate #10)
  type[11] heap=1 DL=0 HV=1 HC=1 CACHED=1  (candidate #2)
  type[12] heap=0 DL=1 HV=0 HC=0 CACHED=0
  type[13] heap=1 DL=0 HV=1 HC=1 CACHED=0  (candidate #7)
  type[14] heap=2 DL=1 HV=1 HC=1 CACHED=0  (candidate #11)
  type[15] heap=1 DL=0 HV=1 HC=1 CACHED=1  (candidate #3)
[VK-GPU] RESULT: 0 failure(s)
[STEP] Q1 exit=0
===== Q2: graphics queue (3D) =====
warning: use of deprecated constant `std::f64::INFINITY`: replaced by the `INFINITY` associated constant on `f64`
  --> candle-core\src\cpu\erf.rs:43:14
   |
43 |         f64::INFINITY
   |              ^^^^^^^^
   |
   = note: `#[warn(deprecated)]` on by default

warning: use of deprecated constant `std::f64::NEG_INFINITY`: replaced by the `NEG_INFINITY` associated constant on `f64`
  --> candle-core\src\cpu\erf.rs:45:14
   |
45 |         f64::NEG_INFINITY
   |              ^^^^^^^^^^^^

warning: use of deprecated constant `std::f64::INFINITY`: replaced by the `INFINITY` associated constant on `f64`
  --> candle-core\src\cpu\erf.rs:67:14
   |
67 |         f64::INFINITY
   |              ^^^^^^^^

warning: use of deprecated constant `std::f64::NEG_INFINITY`: replaced by the `NEG_INFINITY` associated constant on `f64`
  --> candle-core\src\cpu\erf.rs:69:14
   |
69 |         f64::NEG_INFINITY
   |              ^^^^^^^^^^^^

warning: `candle-core` (lib) generated 4 warnings
    Finished `release` profile [optimized] target(s) in 0.23s
     Running `C:\Users\lp\Documents\GitHub\candle-rocm-vulkan\target\release\examples\vulkan_gpu_test.exe`
[VK-GPU] CANDLE_VULKAN_GPU_WEIGHTS=None CANDLE_VULKAN_DEVICE=None CANDLE_VULKAN_PRETEND_INTEGRATED=None
[VK-GPU] usable vulkan devices: 1
device=AMD Radeon RX 6600 type=discrete memory_budget_ext=true default_native=false native_now=false
  queue: graphics (Windows Task Manager engine: 3D)
  gpu weights: enabled=true local=0 MB shared=0 MB buffers=0
  heap[0] size=7920 MB device_local=true budget=7148 MB usage=2 MB
  heap[1] size=8155 MB device_local=false budget=7491 MB usage=32 MB
  heap[2] size=256 MB device_local=true budget=231 MB usage=0 MB
  type[0] heap=0 DL=1 HV=0 HC=0 CACHED=0
  type[1] heap=1 DL=0 HV=1 HC=1 CACHED=0  (candidate #4)
  type[2] heap=2 DL=1 HV=1 HC=1 CACHED=0  (candidate #8)
  type[3] heap=1 DL=0 HV=1 HC=1 CACHED=1  <== tensors allocated here
  type[4] heap=0 DL=1 HV=0 HC=0 CACHED=0
  type[5] heap=1 DL=0 HV=1 HC=1 CACHED=0  (candidate #5)
  type[6] heap=2 DL=1 HV=1 HC=1 CACHED=0  (candidate #9)
  type[7] heap=1 DL=0 HV=1 HC=1 CACHED=1  (candidate #1)
  type[8] heap=0 DL=1 HV=0 HC=0 CACHED=0
  type[9] heap=1 DL=0 HV=1 HC=1 CACHED=0  (candidate #6)
  type[10] heap=2 DL=1 HV=1 HC=1 CACHED=0  (candidate #10)
  type[11] heap=1 DL=0 HV=1 HC=1 CACHED=1  (candidate #2)
  type[12] heap=0 DL=1 HV=0 HC=0 CACHED=0
  type[13] heap=1 DL=0 HV=1 HC=1 CACHED=0  (candidate #7)
  type[14] heap=2 DL=1 HV=1 HC=1 CACHED=0  (candidate #11)
  type[15] heap=1 DL=0 HV=1 HC=1 CACHED=1  (candidate #3)
[VK-GPU] init                                 | OS VRAM      2 MB shared    33 MB | gpu bufs local      0 MB shared     0 MB | mem_info free   7146/  7920 MB | host bufs      0 MB
[VK-GPU] q8 512x2048: weights in GPU memory = true
[VK-GPU] PASS q8 matmul m=1 n=512 k=2048                     rel err 1.58e-7 (tol 1e-4)
[VK-GPU] PASS q8 matmul m=3 n=512 k=2048                     rel err 5.12e-7 (tol 1e-4)
[VK-GPU] PASS q8 matmul m=8 n=512 k=2048                     rel err 5.44e-7 (tol 1e-4)
[VK-GPU] PASS q8 matmul m=9 n=512 k=2048                     rel err 1.60e-6 (tol 1e-4)
[VK-GPU] PASS q8 matmul m=64 n=512 k=2048                    rel err 1.98e-6 (tol 1e-4)
[VK-GPU] PASS q8 matmul m=130 n=512 k=2048                   rel err 1.77e-6 (tol 1e-4)
[VK-GPU] PASS q8 matmul 3d (2,5) n=512 k=2048                rel err 1.51e-6 (tol 1e-4)
[VK-GPU] PASS q8 matmul strided x n=512 k=2048               rel err 5.95e-7 (tol 1e-4)
[VK-GPU] q8 6144x2048: weights in GPU memory = true
[VK-GPU] PASS q8 matmul m=1 n=6144 k=2048                    rel err 1.70e-7 (tol 1e-4)
[VK-GPU] PASS q8 matmul m=3 n=6144 k=2048                    rel err 5.02e-7 (tol 1e-4)
[VK-GPU] PASS q8 matmul m=8 n=6144 k=2048                    rel err 7.85e-7 (tol 1e-4)
[VK-GPU] PASS q8 matmul m=9 n=6144 k=2048                    rel err 1.81e-6 (tol 1e-4)
[VK-GPU] PASS q8 matmul m=64 n=6144 k=2048                   rel err 1.63e-6 (tol 1e-4)
[VK-GPU] PASS q8 matmul m=130 n=6144 k=2048                  rel err 1.91e-6 (tol 1e-4)
[VK-GPU] PASS q8 matmul 3d (2,5) n=6144 k=2048               rel err 1.85e-6 (tol 1e-4)
[VK-GPU] PASS q8 matmul strided x n=6144 k=2048              rel err 6.28e-7 (tol 1e-4)
[VK-GPU] q8 2048x6144: weights in GPU memory = true
[VK-GPU] PASS q8 matmul m=1 n=2048 k=6144                    rel err 2.71e-7 (tol 1e-4)
[VK-GPU] PASS q8 matmul m=3 n=2048 k=6144                    rel err 4.44e-7 (tol 1e-4)
[VK-GPU] PASS q8 matmul m=8 n=2048 k=6144                    rel err 4.56e-7 (tol 1e-4)
[VK-GPU] PASS q8 matmul m=9 n=2048 k=6144                    rel err 3.18e-6 (tol 1e-4)
[VK-GPU] PASS q8 matmul m=64 n=2048 k=6144                   rel err 3.60e-6 (tol 1e-4)
[VK-GPU] PASS q8 matmul m=130 n=2048 k=6144                  rel err 2.97e-6 (tol 1e-4)
[VK-GPU] PASS q8 matmul 3d (2,5) n=2048 k=6144               rel err 2.38e-6 (tol 1e-4)
[VK-GPU] PASS q8 matmul strided x n=2048 k=6144              rel err 5.55e-7 (tol 1e-4)
[VK-GPU] q8 4096x2048: weights in GPU memory = true
[VK-GPU] PASS q8 matmul m=1 n=4096 k=2048                    rel err 1.77e-7 (tol 1e-4)
[VK-GPU] PASS q8 matmul m=3 n=4096 k=2048                    rel err 5.83e-7 (tol 1e-4)
[VK-GPU] PASS q8 matmul m=8 n=4096 k=2048                    rel err 6.31e-7 (tol 1e-4)
[VK-GPU] PASS q8 matmul m=9 n=4096 k=2048                    rel err 1.62e-6 (tol 1e-4)
[VK-GPU] PASS q8 matmul m=64 n=4096 k=2048                   rel err 2.16e-6 (tol 1e-4)
[VK-GPU] PASS q8 matmul m=130 n=4096 k=2048                  rel err 1.59e-6 (tol 1e-4)
[VK-GPU] PASS q8 matmul 3d (2,5) n=4096 k=2048               rel err 1.80e-6 (tol 1e-4)
[VK-GPU] PASS q8 matmul strided x n=4096 k=2048              rel err 5.43e-7 (tol 1e-4)
[VK-GPU] q8 64x1024: weights in GPU memory = true
[VK-GPU] PASS q8 matmul m=1 n=64 k=1024                      rel err 2.59e-7 (tol 1e-4)
[VK-GPU] PASS q8 matmul m=3 n=64 k=1024                      rel err 2.79e-7 (tol 1e-4)
[VK-GPU] PASS q8 matmul m=8 n=64 k=1024                      rel err 6.14e-7 (tol 1e-4)
[VK-GPU] PASS q8 matmul m=9 n=64 k=1024                      rel err 7.24e-7 (tol 1e-4)
[VK-GPU] PASS q8 matmul m=64 n=64 k=1024                     rel err 1.06e-6 (tol 1e-4)
[VK-GPU] PASS q8 matmul m=130 n=64 k=1024                    rel err 1.08e-6 (tol 1e-4)
[VK-GPU] PASS q8 matmul 3d (2,5) n=64 k=1024                 rel err 9.14e-7 (tol 1e-4)
[VK-GPU] PASS q8 matmul strided x n=64 k=1024                rel err 7.02e-7 (tol 1e-4)
[VK-GPU] PASS q8 embedding                                   rel err 0.00e0 (tol 1e-6)
[VK-GPU] PASS q8 dequantize f32                              rel err 0.00e0 (tol 1e-6)
[VK-GPU] PASS q8 dequantize f16                              rel err 6.80e-4 (tol 1e-3)
[VK-GPU] PASS q8 data() round trip                           rel err 0.00e0 (tol 0e0)
[VK-GPU] PASS q8 loaded from GGML bytes                      rel err 0.00e0 (tol 1e-6)
[VK-GPU] placement: 4 q8 tensors (~72 MB)     | OS VRAM     79 MB shared   347 MB | gpu bufs local     76 MB shared     0 MB | mem_info free   7070/  7920 MB | host bufs    311 MB
[VK-GPU] placement: 8 q8 tensors (~144 MB)    | OS VRAM    151 MB shared   347 MB | gpu bufs local    148 MB shared     0 MB | mem_info free   6998/  7920 MB | host bufs    311 MB
[VK-GPU] placement: 12 q8 tensors (~216 MB)   | OS VRAM    223 MB shared   347 MB | gpu bufs local    220 MB shared     0 MB | mem_info free   6926/  7920 MB | host bufs    311 MB
[VK-GPU] PASS q8 matmul on the last placed tensor            rel err 5.47e-7 (tol 1e-4)
[VK-GPU] placement: all dropped               | OS VRAM      7 MB shared   347 MB | gpu bufs local      4 MB shared     0 MB | mem_info free   7142/  7920 MB | host bufs    311 MB
[VK-GPU] PASS dense F32 m=1 pass 0                           rel err 0.00e0 (tol 1e-4)
[VK-GPU] PASS dense F32 m=1 pass 1                           rel err 1.65e-7 (tol 1e-4)
[VK-GPU] PASS dense F32 m=5 pass 0                           rel err 5.05e-7 (tol 1e-4)
[VK-GPU] PASS dense F32 m=5 pass 1                           rel err 5.05e-7 (tol 1e-4)
[VK-GPU] PASS dense F32 m=77 pass 0                          rel err 1.98e-6 (tol 1e-4)
[VK-GPU] PASS dense F32 m=77 pass 1                          rel err 1.98e-6 (tol 1e-4)
[VK-GPU] PASS dense F32 broadcast 3d                         rel err 0.00e0 (tol 1e-4)
[VK-GPU] dense F32 weights alive              | OS VRAM     23 MB shared   380 MB | gpu bufs local     20 MB shared     0 MB | mem_info free   7126/  7920 MB | host bufs    344 MB
[VK-GPU] PASS dense F16 m=1 pass 0                           rel err 3.53e-4 (tol 4e-3)
[VK-GPU] PASS dense F16 m=1 pass 1                           rel err 3.53e-4 (tol 4e-3)
[VK-GPU] PASS dense F16 m=5 pass 0                           rel err 3.20e-4 (tol 4e-3)
[VK-GPU] PASS dense F16 m=5 pass 1                           rel err 3.20e-4 (tol 4e-3)
[VK-GPU] PASS dense F16 m=77 pass 0                          rel err 3.00e-4 (tol 4e-3)
[VK-GPU] PASS dense F16 m=77 pass 1                          rel err 3.00e-4 (tol 4e-3)
[VK-GPU] PASS dense F16 broadcast 3d                         rel err 5.28e-4 (tol 4e-3)
[VK-GPU] dense F16 weights alive              | OS VRAM     15 MB shared   396 MB | gpu bufs local     12 MB shared     0 MB | mem_info free   7133/  7920 MB | host bufs    361 MB
[VK-GPU] PASS dense BF16 m=1 pass 0                          rel err 2.83e-3 (tol 3e-2)
[VK-GPU] PASS dense BF16 m=1 pass 1                          rel err 2.83e-3 (tol 3e-2)
[VK-GPU] PASS dense BF16 m=5 pass 0                          rel err 2.45e-3 (tol 3e-2)
[VK-GPU] PASS dense BF16 m=5 pass 1                          rel err 2.45e-3 (tol 3e-2)
[VK-GPU] PASS dense BF16 m=77 pass 0                         rel err 2.48e-3 (tol 3e-2)
[VK-GPU] PASS dense BF16 m=77 pass 1                         rel err 2.48e-3 (tol 3e-2)
[VK-GPU] PASS dense BF16 broadcast 3d                        rel err 2.39e-3 (tol 3e-2)
[VK-GPU] dense BF16 weights alive             | OS VRAM     15 MB shared   396 MB | gpu bufs local     12 MB shared     0 MB | mem_info free   7133/  7920 MB | host bufs    361 MB
[VK-GPU] PASS act matmul q@k^T (2,8,600,64)                  rel err 0.00e0 (tol 1e-4)
[VK-GPU] PASS act matmul att@v (2,8,600,600)x(600,64)        rel err 1.24e-6 (tol 1e-4)
[VK-GPU] PASS act matmul broadcast k                         rel err 0.00e0 (tol 1e-4)
[VK-GPU] SPEED act q@k^T (2,8,600,64): CPU    4.723 ms | Vulkan GPU    4.529 ms | x1.0 | gpu dispatches +7
[VK-GPU] after correctness tests (all dropped) | OS VRAM     35 MB shared   471 MB | gpu bufs local     32 MB shared     0 MB | mem_info free   7113/  7920 MB | host bufs    436 MB
[VK-GPU] after trim                           | OS VRAM      3 MB shared    35 MB | gpu bufs local      0 MB shared     0 MB | mem_info free   7145/  7920 MB | host bufs      0 MB
[VK-GPU] SPEED q8 1x2048 @ 6144x2048^T : CPU    1.139 ms | Vulkan GPU    0.325 ms | x3.5
[VK-GPU] SPEED q8 512x2048 @ 6144x2048^T : CPU  682.396 ms | Vulkan GPU    5.587 ms | x122.1
[VK-GPU] SPEED F16 gemv 1x2048 @ 6144x2048^T (25 MB): CPU    0.509 ms | Vulkan GPU    0.212 ms (119 GB/s) | x2.4
[VK-GPU] SPEED F16 gemv 1x2048 @ 16384x2048^T (67 MB): CPU    2.402 ms | Vulkan GPU    0.502 ms (134 GB/s) | x4.8
[VK-GPU] SPEED F32 gemv 1x2048 @ 32768x2048^T (268 MB): CPU    7.791 ms | Vulkan GPU    1.387 ms (194 GB/s) | x5.6
[VK-GPU] SPEED F16 gemv 1x2048 @ 65536x2048^T (268 MB): CPU    9.816 ms | Vulkan GPU    1.471 ms (183 GB/s) | x6.7
[VK-GPU] SPEED q8 gemv 1x2048 @ 65536x2048^T (143 MB): Vulkan GPU    1.047 ms (137 GB/s)
[VK-GPU] speed weights alive                  | OS VRAM     20 MB shared   663 MB | gpu bufs local     18 MB shared     0 MB | mem_info free   7128/  7920 MB | host bufs    627 MB
[VK-GPU] speed weights dropped                | OS VRAM      7 MB shared   663 MB | gpu bufs local      4 MB shared     0 MB | mem_info free   7141/  7920 MB | host bufs    627 MB
[VK-GPU] end (trimmed)                        | OS VRAM      3 MB shared    35 MB | gpu bufs local      0 MB shared     0 MB | mem_info free   7145/  7920 MB | host bufs      0 MB
device=AMD Radeon RX 6600 type=discrete memory_budget_ext=true default_native=false native_now=false
  queue: graphics (Windows Task Manager engine: 3D)
  gpu weights: enabled=true local=0 MB shared=0 MB buffers=0
  heap[0] size=7920 MB device_local=true budget=7148 MB usage=2 MB
  heap[1] size=8155 MB device_local=false budget=7491 MB usage=35 MB
  heap[2] size=256 MB device_local=true budget=231 MB usage=0 MB
  type[0] heap=0 DL=1 HV=0 HC=0 CACHED=0
  type[1] heap=1 DL=0 HV=1 HC=1 CACHED=0  (candidate #4)
  type[2] heap=2 DL=1 HV=1 HC=1 CACHED=0  (candidate #8)
  type[3] heap=1 DL=0 HV=1 HC=1 CACHED=1  <== tensors allocated here
  type[4] heap=0 DL=1 HV=0 HC=0 CACHED=0
  type[5] heap=1 DL=0 HV=1 HC=1 CACHED=0  (candidate #5)
  type[6] heap=2 DL=1 HV=1 HC=1 CACHED=0  (candidate #9)
  type[7] heap=1 DL=0 HV=1 HC=1 CACHED=1  (candidate #1)
  type[8] heap=0 DL=1 HV=0 HC=0 CACHED=0
  type[9] heap=1 DL=0 HV=1 HC=1 CACHED=0  (candidate #6)
  type[10] heap=2 DL=1 HV=1 HC=1 CACHED=0  (candidate #10)
  type[11] heap=1 DL=0 HV=1 HC=1 CACHED=1  (candidate #2)
  type[12] heap=0 DL=1 HV=0 HC=0 CACHED=0
  type[13] heap=1 DL=0 HV=1 HC=1 CACHED=0  (candidate #7)
  type[14] heap=2 DL=1 HV=1 HC=1 CACHED=0  (candidate #11)
  type[15] heap=1 DL=0 HV=1 HC=1 CACHED=1  (candidate #3)
[VK-GPU] RESULT: 0 failure(s)
[STEP] Q2 exit=0
===== Q3: compute-only queue (repeat) =====
warning: use of deprecated constant `std::f64::INFINITY`: replaced by the `INFINITY` associated constant on `f64`
  --> candle-core\src\cpu\erf.rs:43:14
   |
43 |         f64::INFINITY
   |              ^^^^^^^^
   |
   = note: `#[warn(deprecated)]` on by default

warning: use of deprecated constant `std::f64::NEG_INFINITY`: replaced by the `NEG_INFINITY` associated constant on `f64`
  --> candle-core\src\cpu\erf.rs:45:14
   |
45 |         f64::NEG_INFINITY
   |              ^^^^^^^^^^^^

warning: use of deprecated constant `std::f64::INFINITY`: replaced by the `INFINITY` associated constant on `f64`
  --> candle-core\src\cpu\erf.rs:67:14
   |
67 |         f64::INFINITY
   |              ^^^^^^^^

warning: use of deprecated constant `std::f64::NEG_INFINITY`: replaced by the `NEG_INFINITY` associated constant on `f64`
  --> candle-core\src\cpu\erf.rs:69:14
   |
69 |         f64::NEG_INFINITY
   |              ^^^^^^^^^^^^

warning: `candle-core` (lib) generated 4 warnings
    Finished `release` profile [optimized] target(s) in 0.21s
     Running `C:\Users\lp\Documents\GitHub\candle-rocm-vulkan\target\release\examples\vulkan_gpu_test.exe`
[VK-GPU] CANDLE_VULKAN_GPU_WEIGHTS=None CANDLE_VULKAN_DEVICE=None CANDLE_VULKAN_PRETEND_INTEGRATED=None
[VK-GPU] usable vulkan devices: 1
device=AMD Radeon RX 6600 type=discrete memory_budget_ext=true default_native=false native_now=false
  queue: compute-only (Windows Task Manager engine: Compute)
  gpu weights: enabled=true local=0 MB shared=0 MB buffers=0
  heap[0] size=7920 MB device_local=true budget=7148 MB usage=1 MB
  heap[1] size=8155 MB device_local=false budget=7491 MB usage=32 MB
  heap[2] size=256 MB device_local=true budget=231 MB usage=0 MB
  type[0] heap=0 DL=1 HV=0 HC=0 CACHED=0
  type[1] heap=1 DL=0 HV=1 HC=1 CACHED=0  (candidate #4)
  type[2] heap=2 DL=1 HV=1 HC=1 CACHED=0  (candidate #8)
  type[3] heap=1 DL=0 HV=1 HC=1 CACHED=1  <== tensors allocated here
  type[4] heap=0 DL=1 HV=0 HC=0 CACHED=0
  type[5] heap=1 DL=0 HV=1 HC=1 CACHED=0  (candidate #5)
  type[6] heap=2 DL=1 HV=1 HC=1 CACHED=0  (candidate #9)
  type[7] heap=1 DL=0 HV=1 HC=1 CACHED=1  (candidate #1)
  type[8] heap=0 DL=1 HV=0 HC=0 CACHED=0
  type[9] heap=1 DL=0 HV=1 HC=1 CACHED=0  (candidate #6)
  type[10] heap=2 DL=1 HV=1 HC=1 CACHED=0  (candidate #10)
  type[11] heap=1 DL=0 HV=1 HC=1 CACHED=1  (candidate #2)
  type[12] heap=0 DL=1 HV=0 HC=0 CACHED=0
  type[13] heap=1 DL=0 HV=1 HC=1 CACHED=0  (candidate #7)
  type[14] heap=2 DL=1 HV=1 HC=1 CACHED=0  (candidate #11)
  type[15] heap=1 DL=0 HV=1 HC=1 CACHED=1  (candidate #3)
[VK-GPU] init                                 | OS VRAM      1 MB shared    33 MB | gpu bufs local      0 MB shared     0 MB | mem_info free   7147/  7920 MB | host bufs      0 MB
[VK-GPU] q8 512x2048: weights in GPU memory = true
[VK-GPU] PASS q8 matmul m=1 n=512 k=2048                     rel err 1.80e-7 (tol 1e-4)
[VK-GPU] PASS q8 matmul m=3 n=512 k=2048                     rel err 5.87e-7 (tol 1e-4)
[VK-GPU] PASS q8 matmul m=8 n=512 k=2048                     rel err 5.56e-7 (tol 1e-4)
[VK-GPU] PASS q8 matmul m=9 n=512 k=2048                     rel err 1.39e-6 (tol 1e-4)
[VK-GPU] PASS q8 matmul m=64 n=512 k=2048                    rel err 2.00e-6 (tol 1e-4)
[VK-GPU] PASS q8 matmul m=130 n=512 k=2048                   rel err 1.93e-6 (tol 1e-4)
[VK-GPU] PASS q8 matmul 3d (2,5) n=512 k=2048                rel err 1.46e-6 (tol 1e-4)
[VK-GPU] PASS q8 matmul strided x n=512 k=2048               rel err 8.26e-7 (tol 1e-4)
[VK-GPU] q8 6144x2048: weights in GPU memory = true
[VK-GPU] PASS q8 matmul m=1 n=6144 k=2048                    rel err 1.94e-7 (tol 1e-4)
[VK-GPU] PASS q8 matmul m=3 n=6144 k=2048                    rel err 5.44e-7 (tol 1e-4)
[VK-GPU] PASS q8 matmul m=8 n=6144 k=2048                    rel err 5.13e-7 (tol 1e-4)
[VK-GPU] PASS q8 matmul m=9 n=6144 k=2048                    rel err 1.62e-6 (tol 1e-4)
[VK-GPU] PASS q8 matmul m=64 n=6144 k=2048                   rel err 1.85e-6 (tol 1e-4)
[VK-GPU] PASS q8 matmul m=130 n=6144 k=2048                  rel err 2.15e-6 (tol 1e-4)
[VK-GPU] PASS q8 matmul 3d (2,5) n=6144 k=2048               rel err 1.56e-6 (tol 1e-4)
[VK-GPU] PASS q8 matmul strided x n=6144 k=2048              rel err 5.41e-7 (tol 1e-4)
[VK-GPU] q8 2048x6144: weights in GPU memory = true
[VK-GPU] PASS q8 matmul m=1 n=2048 k=6144                    rel err 2.13e-7 (tol 1e-4)
[VK-GPU] PASS q8 matmul m=3 n=2048 k=6144                    rel err 4.18e-7 (tol 1e-4)
[VK-GPU] PASS q8 matmul m=8 n=2048 k=6144                    rel err 5.39e-7 (tol 1e-4)
[VK-GPU] PASS q8 matmul m=9 n=2048 k=6144                    rel err 3.14e-6 (tol 1e-4)
[VK-GPU] PASS q8 matmul m=64 n=2048 k=6144                   rel err 2.98e-6 (tol 1e-4)
[VK-GPU] PASS q8 matmul m=130 n=2048 k=6144                  rel err 3.40e-6 (tol 1e-4)
[VK-GPU] PASS q8 matmul 3d (2,5) n=2048 k=6144               rel err 2.83e-6 (tol 1e-4)
[VK-GPU] PASS q8 matmul strided x n=2048 k=6144              rel err 5.18e-7 (tol 1e-4)
[VK-GPU] q8 4096x2048: weights in GPU memory = true
[VK-GPU] PASS q8 matmul m=1 n=4096 k=2048                    rel err 1.95e-7 (tol 1e-4)
[VK-GPU] PASS q8 matmul m=3 n=4096 k=2048                    rel err 5.66e-7 (tol 1e-4)
[VK-GPU] PASS q8 matmul m=8 n=4096 k=2048                    rel err 5.83e-7 (tol 1e-4)
[VK-GPU] PASS q8 matmul m=9 n=4096 k=2048                    rel err 1.90e-6 (tol 1e-4)
[VK-GPU] PASS q8 matmul m=64 n=4096 k=2048                   rel err 2.34e-6 (tol 1e-4)
[VK-GPU] PASS q8 matmul m=130 n=4096 k=2048                  rel err 1.75e-6 (tol 1e-4)
[VK-GPU] PASS q8 matmul 3d (2,5) n=4096 k=2048               rel err 1.50e-6 (tol 1e-4)
[VK-GPU] PASS q8 matmul strided x n=4096 k=2048              rel err 6.64e-7 (tol 1e-4)
[VK-GPU] q8 64x1024: weights in GPU memory = true
[VK-GPU] PASS q8 matmul m=1 n=64 k=1024                      rel err 1.95e-7 (tol 1e-4)
[VK-GPU] PASS q8 matmul m=3 n=64 k=1024                      rel err 2.19e-7 (tol 1e-4)
[VK-GPU] PASS q8 matmul m=8 n=64 k=1024                      rel err 6.91e-7 (tol 1e-4)
[VK-GPU] PASS q8 matmul m=9 n=64 k=1024                      rel err 8.59e-7 (tol 1e-4)
[VK-GPU] PASS q8 matmul m=64 n=64 k=1024                     rel err 1.00e-6 (tol 1e-4)
[VK-GPU] PASS q8 matmul m=130 n=64 k=1024                    rel err 1.08e-6 (tol 1e-4)
[VK-GPU] PASS q8 matmul 3d (2,5) n=64 k=1024                 rel err 6.82e-7 (tol 1e-4)
[VK-GPU] PASS q8 matmul strided x n=64 k=1024                rel err 5.07e-7 (tol 1e-4)
[VK-GPU] PASS q8 embedding                                   rel err 0.00e0 (tol 1e-6)
[VK-GPU] PASS q8 dequantize f32                              rel err 0.00e0 (tol 1e-6)
[VK-GPU] PASS q8 dequantize f16                              rel err 7.85e-4 (tol 1e-3)
[VK-GPU] PASS q8 data() round trip                           rel err 0.00e0 (tol 0e0)
[VK-GPU] PASS q8 loaded from GGML bytes                      rel err 0.00e0 (tol 1e-6)
[VK-GPU] placement: 4 q8 tensors (~72 MB)     | OS VRAM     77 MB shared   347 MB | gpu bufs local     76 MB shared     0 MB | mem_info free   7071/  7920 MB | host bufs    311 MB
[VK-GPU] placement: 8 q8 tensors (~144 MB)    | OS VRAM    149 MB shared   347 MB | gpu bufs local    148 MB shared     0 MB | mem_info free   6999/  7920 MB | host bufs    311 MB
[VK-GPU] placement: 12 q8 tensors (~216 MB)   | OS VRAM    221 MB shared   347 MB | gpu bufs local    220 MB shared     0 MB | mem_info free   6927/  7920 MB | host bufs    311 MB
[VK-GPU] PASS q8 matmul on the last placed tensor            rel err 5.48e-7 (tol 1e-4)
[VK-GPU] placement: all dropped               | OS VRAM      5 MB shared   347 MB | gpu bufs local      4 MB shared     0 MB | mem_info free   7143/  7920 MB | host bufs    311 MB
[VK-GPU] PASS dense F32 m=1 pass 0                           rel err 0.00e0 (tol 1e-4)
[VK-GPU] PASS dense F32 m=1 pass 1                           rel err 1.77e-7 (tol 1e-4)
[VK-GPU] PASS dense F32 m=5 pass 0                           rel err 6.21e-7 (tol 1e-4)
[VK-GPU] PASS dense F32 m=5 pass 1                           rel err 6.21e-7 (tol 1e-4)
[VK-GPU] PASS dense F32 m=77 pass 0                          rel err 2.15e-6 (tol 1e-4)
[VK-GPU] PASS dense F32 m=77 pass 1                          rel err 2.15e-6 (tol 1e-4)
[VK-GPU] PASS dense F32 broadcast 3d                         rel err 0.00e0 (tol 1e-4)
[VK-GPU] dense F32 weights alive              | OS VRAM     21 MB shared   380 MB | gpu bufs local     20 MB shared     0 MB | mem_info free   7127/  7920 MB | host bufs    344 MB
[VK-GPU] PASS dense F16 m=1 pass 0                           rel err 3.06e-4 (tol 4e-3)
[VK-GPU] PASS dense F16 m=1 pass 1                           rel err 3.06e-4 (tol 4e-3)
[VK-GPU] PASS dense F16 m=5 pass 0                           rel err 3.60e-4 (tol 4e-3)
[VK-GPU] PASS dense F16 m=5 pass 1                           rel err 3.60e-4 (tol 4e-3)
[VK-GPU] PASS dense F16 m=77 pass 0                          rel err 2.90e-4 (tol 4e-3)
[VK-GPU] PASS dense F16 m=77 pass 1                          rel err 2.90e-4 (tol 4e-3)
[VK-GPU] PASS dense F16 broadcast 3d                         rel err 7.05e-4 (tol 4e-3)
[VK-GPU] dense F16 weights alive              | OS VRAM     14 MB shared   396 MB | gpu bufs local     12 MB shared     0 MB | mem_info free   7135/  7920 MB | host bufs    361 MB
[VK-GPU] PASS dense BF16 m=1 pass 0                          rel err 2.81e-3 (tol 3e-2)
[VK-GPU] PASS dense BF16 m=1 pass 1                          rel err 2.81e-3 (tol 3e-2)
[VK-GPU] PASS dense BF16 m=5 pass 0                          rel err 2.73e-3 (tol 3e-2)
[VK-GPU] PASS dense BF16 m=5 pass 1                          rel err 2.73e-3 (tol 3e-2)
[VK-GPU] PASS dense BF16 m=77 pass 0                         rel err 2.51e-3 (tol 3e-2)
[VK-GPU] PASS dense BF16 m=77 pass 1                         rel err 2.51e-3 (tol 3e-2)
[VK-GPU] PASS dense BF16 broadcast 3d                        rel err 2.88e-3 (tol 3e-2)
[VK-GPU] dense BF16 weights alive             | OS VRAM     14 MB shared   396 MB | gpu bufs local     12 MB shared     0 MB | mem_info free   7135/  7920 MB | host bufs    361 MB
[VK-GPU] PASS act matmul q@k^T (2,8,600,64)                  rel err 0.00e0 (tol 1e-4)
[VK-GPU] PASS act matmul att@v (2,8,600,600)x(600,64)        rel err 9.58e-7 (tol 1e-4)
[VK-GPU] PASS act matmul broadcast k                         rel err 0.00e0 (tol 1e-4)
[VK-GPU] SPEED act q@k^T (2,8,600,64): CPU    4.712 ms | Vulkan GPU    4.475 ms | x1.1 | gpu dispatches +7
[VK-GPU] after correctness tests (all dropped) | OS VRAM     34 MB shared   471 MB | gpu bufs local     32 MB shared     0 MB | mem_info free   7115/  7920 MB | host bufs    436 MB
[VK-GPU] after trim                           | OS VRAM      2 MB shared    35 MB | gpu bufs local      0 MB shared     0 MB | mem_info free   7147/  7920 MB | host bufs      0 MB
[VK-GPU] SPEED q8 1x2048 @ 6144x2048^T : CPU    1.127 ms | Vulkan GPU    0.121 ms | x9.3
[VK-GPU] SPEED q8 512x2048 @ 6144x2048^T : CPU  675.725 ms | Vulkan GPU    5.349 ms | x126.3
[VK-GPU] SPEED F16 gemv 1x2048 @ 6144x2048^T (25 MB): CPU    0.827 ms | Vulkan GPU    0.116 ms (218 GB/s) | x7.2
[VK-GPU] SPEED F16 gemv 1x2048 @ 16384x2048^T (67 MB): CPU    2.582 ms | Vulkan GPU    0.422 ms (159 GB/s) | x6.1
[VK-GPU] SPEED F32 gemv 1x2048 @ 32768x2048^T (268 MB): CPU    7.531 ms | Vulkan GPU    1.279 ms (210 GB/s) | x5.9
[VK-GPU] SPEED F16 gemv 1x2048 @ 65536x2048^T (268 MB): CPU   11.939 ms | Vulkan GPU    1.386 ms (194 GB/s) | x8.6
[VK-GPU] SPEED q8 gemv 1x2048 @ 65536x2048^T (143 MB): Vulkan GPU    0.799 ms (179 GB/s)
[VK-GPU] speed weights alive                  | OS VRAM     19 MB shared   663 MB | gpu bufs local     18 MB shared     0 MB | mem_info free   7129/  7920 MB | host bufs    627 MB
[VK-GPU] speed weights dropped                | OS VRAM      6 MB shared   663 MB | gpu bufs local      4 MB shared     0 MB | mem_info free   7143/  7920 MB | host bufs    627 MB
[VK-GPU] end (trimmed)                        | OS VRAM      2 MB shared    35 MB | gpu bufs local      0 MB shared     0 MB | mem_info free   7147/  7920 MB | host bufs      0 MB
device=AMD Radeon RX 6600 type=discrete memory_budget_ext=true default_native=false native_now=false
  queue: compute-only (Windows Task Manager engine: Compute)
  gpu weights: enabled=true local=0 MB shared=0 MB buffers=0
  heap[0] size=7920 MB device_local=true budget=7148 MB usage=1 MB
  heap[1] size=8155 MB device_local=false budget=7491 MB usage=35 MB
  heap[2] size=256 MB device_local=true budget=231 MB usage=0 MB
  type[0] heap=0 DL=1 HV=0 HC=0 CACHED=0
  type[1] heap=1 DL=0 HV=1 HC=1 CACHED=0  (candidate #4)
  type[2] heap=2 DL=1 HV=1 HC=1 CACHED=0  (candidate #8)
  type[3] heap=1 DL=0 HV=1 HC=1 CACHED=1  <== tensors allocated here
  type[4] heap=0 DL=1 HV=0 HC=0 CACHED=0
  type[5] heap=1 DL=0 HV=1 HC=1 CACHED=0  (candidate #5)
  type[6] heap=2 DL=1 HV=1 HC=1 CACHED=0  (candidate #9)
  type[7] heap=1 DL=0 HV=1 HC=1 CACHED=1  (candidate #1)
  type[8] heap=0 DL=1 HV=0 HC=0 CACHED=0
  type[9] heap=1 DL=0 HV=1 HC=1 CACHED=0  (candidate #6)
  type[10] heap=2 DL=1 HV=1 HC=1 CACHED=0  (candidate #10)
  type[11] heap=1 DL=0 HV=1 HC=1 CACHED=1  (candidate #2)
  type[12] heap=0 DL=1 HV=0 HC=0 CACHED=0
  type[13] heap=1 DL=0 HV=1 HC=1 CACHED=0  (candidate #7)
  type[14] heap=2 DL=1 HV=1 HC=1 CACHED=0  (candidate #11)
  type[15] heap=1 DL=0 HV=1 HC=1 CACHED=1  (candidate #3)
[VK-GPU] RESULT: 0 failure(s)
[STEP] Q3 exit=0
===== Q4: graphics queue (repeat) =====
warning: use of deprecated constant `std::f64::INFINITY`: replaced by the `INFINITY` associated constant on `f64`
  --> candle-core\src\cpu\erf.rs:43:14
   |
43 |         f64::INFINITY
   |              ^^^^^^^^
   |
   = note: `#[warn(deprecated)]` on by default

warning: use of deprecated constant `std::f64::NEG_INFINITY`: replaced by the `NEG_INFINITY` associated constant on `f64`
  --> candle-core\src\cpu\erf.rs:45:14
   |
45 |         f64::NEG_INFINITY
   |              ^^^^^^^^^^^^

warning: use of deprecated constant `std::f64::INFINITY`: replaced by the `INFINITY` associated constant on `f64`
  --> candle-core\src\cpu\erf.rs:67:14
   |
67 |         f64::INFINITY
   |              ^^^^^^^^

warning: use of deprecated constant `std::f64::NEG_INFINITY`: replaced by the `NEG_INFINITY` associated constant on `f64`
  --> candle-core\src\cpu\erf.rs:69:14
   |
69 |         f64::NEG_INFINITY
   |              ^^^^^^^^^^^^

warning: `candle-core` (lib) generated 4 warnings
    Finished `release` profile [optimized] target(s) in 0.22s
     Running `C:\Users\lp\Documents\GitHub\candle-rocm-vulkan\target\release\examples\vulkan_gpu_test.exe`
[VK-GPU] CANDLE_VULKAN_GPU_WEIGHTS=None CANDLE_VULKAN_DEVICE=None CANDLE_VULKAN_PRETEND_INTEGRATED=None
[VK-GPU] usable vulkan devices: 1
device=AMD Radeon RX 6600 type=discrete memory_budget_ext=true default_native=false native_now=false
  queue: graphics (Windows Task Manager engine: 3D)
  gpu weights: enabled=true local=0 MB shared=0 MB buffers=0
  heap[0] size=7920 MB device_local=true budget=7148 MB usage=2 MB
  heap[1] size=8155 MB device_local=false budget=7491 MB usage=32 MB
  heap[2] size=256 MB device_local=true budget=231 MB usage=0 MB
  type[0] heap=0 DL=1 HV=0 HC=0 CACHED=0
  type[1] heap=1 DL=0 HV=1 HC=1 CACHED=0  (candidate #4)
  type[2] heap=2 DL=1 HV=1 HC=1 CACHED=0  (candidate #8)
  type[3] heap=1 DL=0 HV=1 HC=1 CACHED=1  <== tensors allocated here
  type[4] heap=0 DL=1 HV=0 HC=0 CACHED=0
  type[5] heap=1 DL=0 HV=1 HC=1 CACHED=0  (candidate #5)
  type[6] heap=2 DL=1 HV=1 HC=1 CACHED=0  (candidate #9)
  type[7] heap=1 DL=0 HV=1 HC=1 CACHED=1  (candidate #1)
  type[8] heap=0 DL=1 HV=0 HC=0 CACHED=0
  type[9] heap=1 DL=0 HV=1 HC=1 CACHED=0  (candidate #6)
  type[10] heap=2 DL=1 HV=1 HC=1 CACHED=0  (candidate #10)
  type[11] heap=1 DL=0 HV=1 HC=1 CACHED=1  (candidate #2)
  type[12] heap=0 DL=1 HV=0 HC=0 CACHED=0
  type[13] heap=1 DL=0 HV=1 HC=1 CACHED=0  (candidate #7)
  type[14] heap=2 DL=1 HV=1 HC=1 CACHED=0  (candidate #11)
  type[15] heap=1 DL=0 HV=1 HC=1 CACHED=1  (candidate #3)
[VK-GPU] init                                 | OS VRAM      2 MB shared    33 MB | gpu bufs local      0 MB shared     0 MB | mem_info free   7146/  7920 MB | host bufs      0 MB
[VK-GPU] q8 512x2048: weights in GPU memory = true
[VK-GPU] PASS q8 matmul m=1 n=512 k=2048                     rel err 1.87e-7 (tol 1e-4)
[VK-GPU] PASS q8 matmul m=3 n=512 k=2048                     rel err 6.07e-7 (tol 1e-4)
[VK-GPU] PASS q8 matmul m=8 n=512 k=2048                     rel err 6.25e-7 (tol 1e-4)
[VK-GPU] PASS q8 matmul m=9 n=512 k=2048                     rel err 1.62e-6 (tol 1e-4)
[VK-GPU] PASS q8 matmul m=64 n=512 k=2048                    rel err 1.45e-6 (tol 1e-4)
[VK-GPU] PASS q8 matmul m=130 n=512 k=2048                   rel err 1.75e-6 (tol 1e-4)
[VK-GPU] PASS q8 matmul 3d (2,5) n=512 k=2048                rel err 1.59e-6 (tol 1e-4)
[VK-GPU] PASS q8 matmul strided x n=512 k=2048               rel err 8.04e-7 (tol 1e-4)
[VK-GPU] q8 6144x2048: weights in GPU memory = true
[VK-GPU] PASS q8 matmul m=1 n=6144 k=2048                    rel err 1.87e-7 (tol 1e-4)
[VK-GPU] PASS q8 matmul m=3 n=6144 k=2048                    rel err 5.02e-7 (tol 1e-4)
[VK-GPU] PASS q8 matmul m=8 n=6144 k=2048                    rel err 5.21e-7 (tol 1e-4)
[VK-GPU] PASS q8 matmul m=9 n=6144 k=2048                    rel err 1.65e-6 (tol 1e-4)
[VK-GPU] PASS q8 matmul m=64 n=6144 k=2048                   rel err 1.70e-6 (tol 1e-4)
[VK-GPU] PASS q8 matmul m=130 n=6144 k=2048                  rel err 1.86e-6 (tol 1e-4)
[VK-GPU] PASS q8 matmul 3d (2,5) n=6144 k=2048               rel err 1.79e-6 (tol 1e-4)
[VK-GPU] PASS q8 matmul strided x n=6144 k=2048              rel err 6.30e-7 (tol 1e-4)
[VK-GPU] q8 2048x6144: weights in GPU memory = true
[VK-GPU] PASS q8 matmul m=1 n=2048 k=6144                    rel err 2.06e-7 (tol 1e-4)
[VK-GPU] PASS q8 matmul m=3 n=2048 k=6144                    rel err 4.88e-7 (tol 1e-4)
[VK-GPU] PASS q8 matmul m=8 n=2048 k=6144                    rel err 3.56e-7 (tol 1e-4)
[VK-GPU] PASS q8 matmul m=9 n=2048 k=6144                    rel err 2.59e-6 (tol 1e-4)
[VK-GPU] PASS q8 matmul m=64 n=2048 k=6144                   rel err 2.96e-6 (tol 1e-4)
[VK-GPU] PASS q8 matmul m=130 n=2048 k=6144                  rel err 3.02e-6 (tol 1e-4)
[VK-GPU] PASS q8 matmul 3d (2,5) n=2048 k=6144               rel err 2.54e-6 (tol 1e-4)
[VK-GPU] PASS q8 matmul strided x n=2048 k=6144              rel err 4.82e-7 (tol 1e-4)
[VK-GPU] q8 4096x2048: weights in GPU memory = true
[VK-GPU] PASS q8 matmul m=1 n=4096 k=2048                    rel err 1.81e-7 (tol 1e-4)
[VK-GPU] PASS q8 matmul m=3 n=4096 k=2048                    rel err 5.86e-7 (tol 1e-4)
[VK-GPU] PASS q8 matmul m=8 n=4096 k=2048                    rel err 6.36e-7 (tol 1e-4)
[VK-GPU] PASS q8 matmul m=9 n=4096 k=2048                    rel err 2.53e-6 (tol 1e-4)
[VK-GPU] PASS q8 matmul m=64 n=4096 k=2048                   rel err 2.01e-6 (tol 1e-4)
[VK-GPU] PASS q8 matmul m=130 n=4096 k=2048                  rel err 1.80e-6 (tol 1e-4)
[VK-GPU] PASS q8 matmul 3d (2,5) n=4096 k=2048               rel err 1.75e-6 (tol 1e-4)
[VK-GPU] PASS q8 matmul strided x n=4096 k=2048              rel err 6.62e-7 (tol 1e-4)
[VK-GPU] q8 64x1024: weights in GPU memory = true
[VK-GPU] PASS q8 matmul m=1 n=64 k=1024                      rel err 2.22e-7 (tol 1e-4)
[VK-GPU] PASS q8 matmul m=3 n=64 k=1024                      rel err 1.81e-7 (tol 1e-4)
[VK-GPU] PASS q8 matmul m=8 n=64 k=1024                      rel err 7.17e-7 (tol 1e-4)
[VK-GPU] PASS q8 matmul m=9 n=64 k=1024                      rel err 6.76e-7 (tol 1e-4)
[VK-GPU] PASS q8 matmul m=64 n=64 k=1024                     rel err 9.99e-7 (tol 1e-4)
[VK-GPU] PASS q8 matmul m=130 n=64 k=1024                    rel err 1.36e-6 (tol 1e-4)
[VK-GPU] PASS q8 matmul 3d (2,5) n=64 k=1024                 rel err 7.92e-7 (tol 1e-4)
[VK-GPU] PASS q8 matmul strided x n=64 k=1024                rel err 3.84e-7 (tol 1e-4)
[VK-GPU] PASS q8 embedding                                   rel err 0.00e0 (tol 1e-6)
[VK-GPU] PASS q8 dequantize f32                              rel err 0.00e0 (tol 1e-6)
[VK-GPU] PASS q8 dequantize f16                              rel err 7.62e-4 (tol 1e-3)
[VK-GPU] PASS q8 data() round trip                           rel err 0.00e0 (tol 0e0)
[VK-GPU] PASS q8 loaded from GGML bytes                      rel err 0.00e0 (tol 1e-6)
[VK-GPU] placement: 4 q8 tensors (~72 MB)     | OS VRAM     79 MB shared   347 MB | gpu bufs local     76 MB shared     0 MB | mem_info free   7070/  7920 MB | host bufs    311 MB
[VK-GPU] placement: 8 q8 tensors (~144 MB)    | OS VRAM    151 MB shared   347 MB | gpu bufs local    148 MB shared     0 MB | mem_info free   6998/  7920 MB | host bufs    311 MB
[VK-GPU] placement: 12 q8 tensors (~216 MB)   | OS VRAM    223 MB shared   347 MB | gpu bufs local    220 MB shared     0 MB | mem_info free   6926/  7920 MB | host bufs    311 MB
[VK-GPU] PASS q8 matmul on the last placed tensor            rel err 6.02e-7 (tol 1e-4)
[VK-GPU] placement: all dropped               | OS VRAM      7 MB shared   347 MB | gpu bufs local      4 MB shared     0 MB | mem_info free   7142/  7920 MB | host bufs    311 MB
[VK-GPU] PASS dense F32 m=1 pass 0                           rel err 0.00e0 (tol 1e-4)
[VK-GPU] PASS dense F32 m=1 pass 1                           rel err 1.98e-7 (tol 1e-4)
[VK-GPU] PASS dense F32 m=5 pass 0                           rel err 5.30e-7 (tol 1e-4)
[VK-GPU] PASS dense F32 m=5 pass 1                           rel err 5.30e-7 (tol 1e-4)
[VK-GPU] PASS dense F32 m=77 pass 0                          rel err 1.66e-6 (tol 1e-4)
[VK-GPU] PASS dense F32 m=77 pass 1                          rel err 1.66e-6 (tol 1e-4)
[VK-GPU] PASS dense F32 broadcast 3d                         rel err 0.00e0 (tol 1e-4)
[VK-GPU] dense F32 weights alive              | OS VRAM     23 MB shared   380 MB | gpu bufs local     20 MB shared     0 MB | mem_info free   7126/  7920 MB | host bufs    344 MB
[VK-GPU] PASS dense F16 m=1 pass 0                           rel err 4.07e-4 (tol 4e-3)
[VK-GPU] PASS dense F16 m=1 pass 1                           rel err 4.07e-4 (tol 4e-3)
[VK-GPU] PASS dense F16 m=5 pass 0                           rel err 3.29e-4 (tol 4e-3)
[VK-GPU] PASS dense F16 m=5 pass 1                           rel err 3.29e-4 (tol 4e-3)
[VK-GPU] PASS dense F16 m=77 pass 0                          rel err 2.85e-4 (tol 4e-3)
[VK-GPU] PASS dense F16 m=77 pass 1                          rel err 2.85e-4 (tol 4e-3)
[VK-GPU] PASS dense F16 broadcast 3d                         rel err 6.96e-4 (tol 4e-3)
[VK-GPU] dense F16 weights alive              | OS VRAM     15 MB shared   396 MB | gpu bufs local     12 MB shared     0 MB | mem_info free   7133/  7920 MB | host bufs    361 MB
[VK-GPU] PASS dense BF16 m=1 pass 0                          rel err 2.79e-3 (tol 3e-2)
[VK-GPU] PASS dense BF16 m=1 pass 1                          rel err 2.79e-3 (tol 3e-2)
[VK-GPU] PASS dense BF16 m=5 pass 0                          rel err 2.48e-3 (tol 3e-2)
[VK-GPU] PASS dense BF16 m=5 pass 1                          rel err 2.48e-3 (tol 3e-2)
[VK-GPU] PASS dense BF16 m=77 pass 0                         rel err 2.32e-3 (tol 3e-2)
[VK-GPU] PASS dense BF16 m=77 pass 1                         rel err 2.32e-3 (tol 3e-2)
[VK-GPU] PASS dense BF16 broadcast 3d                        rel err 2.80e-3 (tol 3e-2)
[VK-GPU] dense BF16 weights alive             | OS VRAM     15 MB shared   396 MB | gpu bufs local     12 MB shared     0 MB | mem_info free   7133/  7920 MB | host bufs    361 MB
[VK-GPU] PASS act matmul q@k^T (2,8,600,64)                  rel err 0.00e0 (tol 1e-4)
[VK-GPU] PASS act matmul att@v (2,8,600,600)x(600,64)        rel err 9.49e-7 (tol 1e-4)
[VK-GPU] PASS act matmul broadcast k                         rel err 0.00e0 (tol 1e-4)
[VK-GPU] SPEED act q@k^T (2,8,600,64): CPU    4.609 ms | Vulkan GPU    4.530 ms | x1.0 | gpu dispatches +7
[VK-GPU] after correctness tests (all dropped) | OS VRAM     35 MB shared   471 MB | gpu bufs local     32 MB shared     0 MB | mem_info free   7113/  7920 MB | host bufs    436 MB
[VK-GPU] after trim                           | OS VRAM      3 MB shared    35 MB | gpu bufs local      0 MB shared     0 MB | mem_info free   7145/  7920 MB | host bufs      0 MB
[VK-GPU] SPEED q8 1x2048 @ 6144x2048^T : CPU    1.198 ms | Vulkan GPU    0.342 ms | x3.5
[VK-GPU] SPEED q8 512x2048 @ 6144x2048^T : CPU  734.699 ms | Vulkan GPU    5.631 ms | x130.5
[VK-GPU] SPEED F16 gemv 1x2048 @ 6144x2048^T (25 MB): CPU    0.471 ms | Vulkan GPU    0.215 ms (117 GB/s) | x2.2
[VK-GPU] SPEED F16 gemv 1x2048 @ 16384x2048^T (67 MB): CPU    2.797 ms | Vulkan GPU    0.528 ms (127 GB/s) | x5.3
[VK-GPU] SPEED F32 gemv 1x2048 @ 32768x2048^T (268 MB): CPU    7.748 ms | Vulkan GPU    1.388 ms (193 GB/s) | x5.6
[VK-GPU] SPEED F16 gemv 1x2048 @ 65536x2048^T (268 MB): CPU   10.135 ms | Vulkan GPU    1.457 ms (184 GB/s) | x7.0
[VK-GPU] SPEED q8 gemv 1x2048 @ 65536x2048^T (143 MB): Vulkan GPU    0.996 ms (144 GB/s)
[VK-GPU] speed weights alive                  | OS VRAM     20 MB shared   663 MB | gpu bufs local     18 MB shared     0 MB | mem_info free   7128/  7920 MB | host bufs    627 MB
[VK-GPU] speed weights dropped                | OS VRAM      7 MB shared   663 MB | gpu bufs local      4 MB shared     0 MB | mem_info free   7141/  7920 MB | host bufs    627 MB
[VK-GPU] end (trimmed)                        | OS VRAM      3 MB shared    35 MB | gpu bufs local      0 MB shared     0 MB | mem_info free   7145/  7920 MB | host bufs      0 MB
device=AMD Radeon RX 6600 type=discrete memory_budget_ext=true default_native=false native_now=false
  queue: graphics (Windows Task Manager engine: 3D)
  gpu weights: enabled=true local=0 MB shared=0 MB buffers=0
  heap[0] size=7920 MB device_local=true budget=7148 MB usage=2 MB
  heap[1] size=8155 MB device_local=false budget=7491 MB usage=35 MB
  heap[2] size=256 MB device_local=true budget=231 MB usage=0 MB
  type[0] heap=0 DL=1 HV=0 HC=0 CACHED=0
  type[1] heap=1 DL=0 HV=1 HC=1 CACHED=0  (candidate #4)
  type[2] heap=2 DL=1 HV=1 HC=1 CACHED=0  (candidate #8)
  type[3] heap=1 DL=0 HV=1 HC=1 CACHED=1  <== tensors allocated here
  type[4] heap=0 DL=1 HV=0 HC=0 CACHED=0
  type[5] heap=1 DL=0 HV=1 HC=1 CACHED=0  (candidate #5)
  type[6] heap=2 DL=1 HV=1 HC=1 CACHED=0  (candidate #9)
  type[7] heap=1 DL=0 HV=1 HC=1 CACHED=1  (candidate #1)
  type[8] heap=0 DL=1 HV=0 HC=0 CACHED=0
  type[9] heap=1 DL=0 HV=1 HC=1 CACHED=0  (candidate #6)
  type[10] heap=2 DL=1 HV=1 HC=1 CACHED=0  (candidate #10)
  type[11] heap=1 DL=0 HV=1 HC=1 CACHED=1  (candidate #2)
  type[12] heap=0 DL=1 HV=0 HC=0 CACHED=0
  type[13] heap=1 DL=0 HV=1 HC=1 CACHED=0  (candidate #7)
  type[14] heap=2 DL=1 HV=1 HC=1 CACHED=0  (candidate #11)
  type[15] heap=1 DL=0 HV=1 HC=1 CACHED=1  (candidate #3)
[VK-GPU] RESULT: 0 failure(s)
[STEP] Q4 exit=0
VKGPU_DONE
